Archive member included to satisfy reference by file (symbol)

/usr/lib/gcc/avr/5.4.0/avr5/libgcc.a(_divmodsi4.o)
                              obj/twi.o (__divmodsi4)
/usr/lib/gcc/avr/5.4.0/avr5/libgcc.a(_negsi2.o)
                              /usr/lib/gcc/avr/5.4.0/avr5/libgcc.a(_divmodsi4.o) (__negsi2)
/usr/lib/gcc/avr/5.4.0/avr5/libgcc.a(_exit.o)
                              /usr/lib/gcc/avr/5.4.0/../../../avr/lib/avr5/crtatmega328p.o (exit)
/usr/lib/gcc/avr/5.4.0/avr5/libgcc.a(_copy_data.o)
                              obj/testScripts.o (__do_copy_data)
/usr/lib/gcc/avr/5.4.0/avr5/libgcc.a(_clear_bss.o)
                              obj/hexapod.o (__do_clear_bss)
/usr/lib/gcc/avr/5.4.0/avr5/libgcc.a(_ctors.o)
                              obj/stream.o (__do_global_ctors)
/usr/lib/gcc/avr/5.4.0/avr5/libgcc.a(_udivmodsi4.o)
                              /usr/lib/gcc/avr/5.4.0/avr5/libgcc.a(_divmodsi4.o) (__udivmodsi4)
/usr/lib/gcc/avr/5.4.0/avr5/libgcc.a(_tablejump2.o)
                              /usr/lib/gcc/avr/5.4.0/avr5/libgcc.a(_ctors.o) (__tablejump2__)
/usr/lib/gcc/avr/5.4.0/../../../avr/lib/avr5/libm.a(acos.o)
                              obj/leg.o (acos)
/usr/lib/gcc/avr/5.4.0/../../../avr/lib/avr5/libm.a(addsf3.o)
                              obj/servocontroller.o (__subsf3)
/usr/lib/gcc/avr/5.4.0/../../../avr/lib/avr5/libm.a(addsf3x.o)
                              /usr/lib/gcc/avr/5.4.0/../../../avr/lib/avr5/libm.a(acos.o) (__addsf3x)
/usr/lib/gcc/avr/5.4.0/../../../avr/lib/avr5/libm.a(atan.o)
                              obj/leg.o (atan)
/usr/lib/gcc/avr/5.4.0/../../../avr/lib/avr5/libm.a(cmpsf2.o)
                              obj/servo.o (__eqsf2)
/usr/lib/gcc/avr/5.4.0/../../../avr/lib/avr5/libm.a(cos.o)
                              obj/leg.o (cos)
/usr/lib/gcc/avr/5.4.0/../../../avr/lib/avr5/libm.a(divsf3.o)
                              obj/servocontroller.o (__divsf3)
/usr/lib/gcc/avr/5.4.0/../../../avr/lib/avr5/libm.a(divsf3x.o)
                              /usr/lib/gcc/avr/5.4.0/../../../avr/lib/avr5/libm.a(divsf3.o) (__divsf3x)
/usr/lib/gcc/avr/5.4.0/../../../avr/lib/avr5/libm.a(fixsfsi.o)
                              obj/testScripts.o (__fixsfsi)
/usr/lib/gcc/avr/5.4.0/../../../avr/lib/avr5/libm.a(fixunssfsi.o)
                              obj/servocontroller.o (__fixunssfsi)
/usr/lib/gcc/avr/5.4.0/../../../avr/lib/avr5/libm.a(floatsisf.o)
                              obj/servo.o (__floatunsisf)
/usr/lib/gcc/avr/5.4.0/../../../avr/lib/avr5/libm.a(fp_arccos.o)
                              /usr/lib/gcc/avr/5.4.0/../../../avr/lib/avr5/libm.a(acos.o) (__fp_arccos)
/usr/lib/gcc/avr/5.4.0/../../../avr/lib/avr5/libm.a(fp_cmp.o)
                              /usr/lib/gcc/avr/5.4.0/../../../avr/lib/avr5/libm.a(cmpsf2.o) (__fp_cmp)
/usr/lib/gcc/avr/5.4.0/../../../avr/lib/avr5/libm.a(fp_inf.o)
                              /usr/lib/gcc/avr/5.4.0/../../../avr/lib/avr5/libm.a(addsf3x.o) (__fp_inf)
/usr/lib/gcc/avr/5.4.0/../../../avr/lib/avr5/libm.a(fp_nan.o)
                              /usr/lib/gcc/avr/5.4.0/../../../avr/lib/avr5/libm.a(addsf3x.o) (__fp_nan)
/usr/lib/gcc/avr/5.4.0/../../../avr/lib/avr5/libm.a(fp_powser.o)
                              /usr/lib/gcc/avr/5.4.0/../../../avr/lib/avr5/libm.a(atan.o) (__fp_powser)
/usr/lib/gcc/avr/5.4.0/../../../avr/lib/avr5/libm.a(fp_pscA.o)
                              /usr/lib/gcc/avr/5.4.0/../../../avr/lib/avr5/libm.a(addsf3x.o) (__fp_pscA)
/usr/lib/gcc/avr/5.4.0/../../../avr/lib/avr5/libm.a(fp_pscB.o)
                              /usr/lib/gcc/avr/5.4.0/../../../avr/lib/avr5/libm.a(addsf3x.o) (__fp_pscB)
/usr/lib/gcc/avr/5.4.0/../../../avr/lib/avr5/libm.a(fp_rempio2.o)
                              /usr/lib/gcc/avr/5.4.0/../../../avr/lib/avr5/libm.a(cos.o) (__fp_rempio2)
/usr/lib/gcc/avr/5.4.0/../../../avr/lib/avr5/libm.a(fp_round.o)
                              /usr/lib/gcc/avr/5.4.0/../../../avr/lib/avr5/libm.a(acos.o) (__fp_round)
/usr/lib/gcc/avr/5.4.0/../../../avr/lib/avr5/libm.a(fp_sinus.o)
                              /usr/lib/gcc/avr/5.4.0/../../../avr/lib/avr5/libm.a(cos.o) (__fp_sinus)
/usr/lib/gcc/avr/5.4.0/../../../avr/lib/avr5/libm.a(fp_split3.o)
                              /usr/lib/gcc/avr/5.4.0/../../../avr/lib/avr5/libm.a(addsf3x.o) (__fp_split3)
/usr/lib/gcc/avr/5.4.0/../../../avr/lib/avr5/libm.a(fp_zero.o)
                              /usr/lib/gcc/avr/5.4.0/../../../avr/lib/avr5/libm.a(addsf3x.o) (__fp_zero)
/usr/lib/gcc/avr/5.4.0/../../../avr/lib/avr5/libm.a(gesf2.o)
                              obj/servo.o (__gtsf2)
/usr/lib/gcc/avr/5.4.0/../../../avr/lib/avr5/libm.a(inverse.o)
                              /usr/lib/gcc/avr/5.4.0/../../../avr/lib/avr5/libm.a(atan.o) (inverse)
/usr/lib/gcc/avr/5.4.0/../../../avr/lib/avr5/libm.a(mulsf3.o)
                              obj/servocontroller.o (__mulsf3)
/usr/lib/gcc/avr/5.4.0/../../../avr/lib/avr5/libm.a(mulsf3x.o)
                              /usr/lib/gcc/avr/5.4.0/../../../avr/lib/avr5/libm.a(atan.o) (__mulsf3x)
/usr/lib/gcc/avr/5.4.0/../../../avr/lib/avr5/libm.a(round.o)
                              obj/servocontroller.o (round)
/usr/lib/gcc/avr/5.4.0/../../../avr/lib/avr5/libm.a(sin.o)
                              obj/leg.o (sin)
/usr/lib/gcc/avr/5.4.0/../../../avr/lib/avr5/libm.a(sqrt.o)
                              obj/leg.o (sqrt)
/usr/lib/gcc/avr/5.4.0/../../../avr/lib/avr5/libm.a(square.o)
                              /usr/lib/gcc/avr/5.4.0/../../../avr/lib/avr5/libm.a(atan.o) (square)
/usr/lib/gcc/avr/5.4.0/../../../avr/lib/avr5/libm.a(fp_mintl.o)
                              /usr/lib/gcc/avr/5.4.0/../../../avr/lib/avr5/libm.a(round.o) (__fp_mintl)
/usr/lib/gcc/avr/5.4.0/../../../avr/lib/avr5/libm.a(fp_mpack.o)
                              /usr/lib/gcc/avr/5.4.0/../../../avr/lib/avr5/libm.a(round.o) (__fp_mpack)
/usr/lib/gcc/avr/5.4.0/../../../avr/lib/avr5/libm.a(fp_norm2.o)
                              /usr/lib/gcc/avr/5.4.0/../../../avr/lib/avr5/libm.a(sqrt.o) (__fp_norm2)
/usr/lib/gcc/avr/5.4.0/../../../avr/lib/avr5/libm.a(fp_powsodd.o)
                              /usr/lib/gcc/avr/5.4.0/../../../avr/lib/avr5/libm.a(fp_sinus.o) (__fp_powsodd)
/usr/lib/gcc/avr/5.4.0/../../../avr/lib/avr5/libc.a(itoa_ncheck.o)
                              obj/testScripts.o (__itoa_ncheck)
/usr/lib/gcc/avr/5.4.0/../../../avr/lib/avr5/libc.a(utoa_ncheck.o)
                              /usr/lib/gcc/avr/5.4.0/../../../avr/lib/avr5/libc.a(itoa_ncheck.o) (__utoa_common)
/usr/lib/gcc/avr/5.4.0/../../../avr/lib/avr5/libc.a(time.o)
                              obj/servo.o (time)
/usr/lib/gcc/avr/5.4.0/../../../avr/lib/avr5/libc.a(system_tick.o)
                              obj/main.o (system_tick)
/usr/lib/gcc/avr/5.4.0/../../../avr/lib/avr5/libc.a(strrev.o)
                              /usr/lib/gcc/avr/5.4.0/../../../avr/lib/avr5/libc.a(utoa_ncheck.o) (strrev)
/usr/lib/gcc/avr/5.4.0/../../../avr/lib/avr5/libc.a(system_time.o)
                              /usr/lib/gcc/avr/5.4.0/../../../avr/lib/avr5/libc.a(time.o) (__system_time)

Allocating common symbols
Common symbol       size              file

__system_time       0x4               /usr/lib/gcc/avr/5.4.0/../../../avr/lib/avr5/libc.a(system_time.o)

Discarded input sections

 .group         0x0000000000000000        0x8 obj/testScripts.o
 .group         0x0000000000000000        0x8 obj/testScripts.o
 .group         0x0000000000000000        0x8 obj/testScripts.o
 .group         0x0000000000000000        0x8 obj/testScripts.o
 .group         0x0000000000000000        0x8 obj/testScripts.o
 .group         0x0000000000000000        0x8 obj/testScripts.o
 .group         0x0000000000000000        0x8 obj/testScripts.o
 .group         0x0000000000000000        0x8 obj/testScripts.o
 .group         0x0000000000000000        0x8 obj/testScripts.o
 .group         0x0000000000000000        0x8 obj/testScripts.o
 .group         0x0000000000000000        0x8 obj/testScripts.o
 .group         0x0000000000000000        0x8 obj/testScripts.o
 .group         0x0000000000000000        0x8 obj/leg.o
 .group         0x0000000000000000        0x8 obj/leg.o

Speicherkonfiguration

Name             Ursprung           Länge             Attribute
text             0x0000000000000000 0x0000000000020000 xr
data             0x0000000000800060 0x000000000000ffa0 rw !x
eeprom           0x0000000000810000 0x0000000000010000 rw !x
fuse             0x0000000000820000 0x0000000000000003 rw !x
lock             0x0000000000830000 0x0000000000000400 rw !x
signature        0x0000000000840000 0x0000000000000400 rw !x
user_signatures  0x0000000000850000 0x0000000000000400 rw !x
*default*        0x0000000000000000 0xffffffffffffffff

Linker script and memory map

Adresse des Abschnitts .data gesetzt auf 0x800100
LOAD /usr/lib/gcc/avr/5.4.0/../../../avr/lib/avr5/crtatmega328p.o
LOAD obj/hexapod.o
LOAD obj/servocontroller.o
LOAD obj/testScripts.o
LOAD obj/stream.o
LOAD obj/quadraticFunction.o
LOAD obj/leg.o
LOAD obj/servo.o
LOAD obj/linearFunction.o
LOAD obj/twi.o
LOAD obj/gait.o
LOAD obj/main.o
LOAD /usr/lib/gcc/avr/5.4.0/avr5/libgcc.a
LOAD /usr/lib/gcc/avr/5.4.0/../../../avr/lib/avr5/libm.a
START GROUP
LOAD /usr/lib/gcc/avr/5.4.0/avr5/libgcc.a
LOAD /usr/lib/gcc/avr/5.4.0/../../../avr/lib/avr5/libm.a
LOAD /usr/lib/gcc/avr/5.4.0/../../../avr/lib/avr5/libc.a
LOAD /usr/lib/gcc/avr/5.4.0/../../../avr/lib/avr5/libatmega328p.a
END GROUP
                0x0000000000020000                __TEXT_REGION_LENGTH__ = DEFINED (__TEXT_REGION_LENGTH__)?__TEXT_REGION_LENGTH__:0x20000
                0x000000000000ffa0                __DATA_REGION_LENGTH__ = DEFINED (__DATA_REGION_LENGTH__)?__DATA_REGION_LENGTH__:0xffa0
                0x0000000000010000                __EEPROM_REGION_LENGTH__ = DEFINED (__EEPROM_REGION_LENGTH__)?__EEPROM_REGION_LENGTH__:0x10000
                [0x0000000000000003]                __FUSE_REGION_LENGTH__ = DEFINED (__FUSE_REGION_LENGTH__)?__FUSE_REGION_LENGTH__:0x400
                0x0000000000000400                __LOCK_REGION_LENGTH__ = DEFINED (__LOCK_REGION_LENGTH__)?__LOCK_REGION_LENGTH__:0x400
                0x0000000000000400                __SIGNATURE_REGION_LENGTH__ = DEFINED (__SIGNATURE_REGION_LENGTH__)?__SIGNATURE_REGION_LENGTH__:0x400
                0x0000000000000400                __USER_SIGNATURE_REGION_LENGTH__ = DEFINED (__USER_SIGNATURE_REGION_LENGTH__)?__USER_SIGNATURE_REGION_LENGTH__:0x400

.hash
 *(.hash)

.dynsym
 *(.dynsym)

.dynstr
 *(.dynstr)

.gnu.version
 *(.gnu.version)

.gnu.version_d
 *(.gnu.version_d)

.gnu.version_r
 *(.gnu.version_r)

.rel.init
 *(.rel.init)

.rela.init
 *(.rela.init)

.rel.text
 *(.rel.text)
 *(.rel.text.*)
 *(.rel.gnu.linkonce.t*)

.rela.text
 *(.rela.text)
 *(.rela.text.*)
 *(.rela.gnu.linkonce.t*)

.rel.fini
 *(.rel.fini)

.rela.fini
 *(.rela.fini)

.rel.rodata
 *(.rel.rodata)
 *(.rel.rodata.*)
 *(.rel.gnu.linkonce.r*)

.rela.rodata
 *(.rela.rodata)
 *(.rela.rodata.*)
 *(.rela.gnu.linkonce.r*)

.rel.data
 *(.rel.data)
 *(.rel.data.*)
 *(.rel.gnu.linkonce.d*)

.rela.data
 *(.rela.data)
 *(.rela.data.*)
 *(.rela.gnu.linkonce.d*)

.rel.ctors
 *(.rel.ctors)

.rela.ctors
 *(.rela.ctors)

.rel.dtors
 *(.rel.dtors)

.rela.dtors
 *(.rela.dtors)

.rel.got
 *(.rel.got)

.rela.got
 *(.rela.got)

.rel.bss
 *(.rel.bss)

.rela.bss
 *(.rela.bss)

.rel.plt
 *(.rel.plt)

.rela.plt
 *(.rela.plt)

.text           0x0000000000000000     0x413e
 *(.vectors)
 .vectors       0x0000000000000000       0x68 /usr/lib/gcc/avr/5.4.0/../../../avr/lib/avr5/crtatmega328p.o
                0x0000000000000000                __vectors
                0x0000000000000000                __vector_default
 *(.vectors)
 *(.progmem.gcc*)
 .progmem.gcc_fplib
                0x0000000000000068       0x2d /usr/lib/gcc/avr/5.4.0/../../../avr/lib/avr5/libm.a(atan.o)
 .progmem.gcc_fplib
                0x0000000000000095       0x28 /usr/lib/gcc/avr/5.4.0/../../../avr/lib/avr5/libm.a(fp_arccos.o)
 .progmem.gcc_fplib
                0x00000000000000bd       0x1e /usr/lib/gcc/avr/5.4.0/../../../avr/lib/avr5/libm.a(fp_sinus.o)
                0x00000000000000dc                . = ALIGN (0x2)
 *fill*         0x00000000000000db        0x1 
                0x00000000000000dc                __trampolines_start = .
 *(.trampolines)
 .trampolines   0x00000000000000dc        0x0 linker stubs
 *(.trampolines*)
                0x00000000000000dc                __trampolines_end = .
 *libprintf_flt.a:*(.progmem.data)
 *libc.a:*(.progmem.data)
 *(.progmem*)
                0x00000000000000dc                . = ALIGN (0x2)
 *(.jumptables)
 *(.jumptables*)
 *(.lowtext)
 *(.lowtext*)
                0x00000000000000dc                __ctors_start = .
 *(.ctors)
 .ctors         0x00000000000000dc        0x2 obj/stream.o
 .ctors         0x00000000000000de        0x2 obj/leg.o
 .ctors         0x00000000000000e0        0x2 obj/gait.o
 .ctors         0x00000000000000e2        0x2 obj/main.o
                0x00000000000000e4                __ctors_end = .
                0x00000000000000e4                __dtors_start = .
 *(.dtors)
                0x00000000000000e4                __dtors_end = .
 SORT(*)(.ctors)
 SORT(*)(.dtors)
 *(.init0)
 .init0         0x00000000000000e4        0x0 /usr/lib/gcc/avr/5.4.0/../../../avr/lib/avr5/crtatmega328p.o
                0x00000000000000e4                __init
 *(.init0)
 *(.init1)
 *(.init1)
 *(.init2)
 .init2         0x00000000000000e4        0xc /usr/lib/gcc/avr/5.4.0/../../../avr/lib/avr5/crtatmega328p.o
 *(.init2)
 *(.init3)
 *(.init3)
 *(.init4)
 .init4         0x00000000000000f0       0x16 /usr/lib/gcc/avr/5.4.0/avr5/libgcc.a(_copy_data.o)
                0x00000000000000f0                __do_copy_data
 .init4         0x0000000000000106       0x10 /usr/lib/gcc/avr/5.4.0/avr5/libgcc.a(_clear_bss.o)
                0x0000000000000106                __do_clear_bss
 *(.init4)
 *(.init5)
 *(.init5)
 *(.init6)
 .init6         0x0000000000000116       0x16 /usr/lib/gcc/avr/5.4.0/avr5/libgcc.a(_ctors.o)
                0x0000000000000116                __do_global_ctors
 *(.init6)
 *(.init7)
 *(.init7)
 *(.init8)
 *(.init8)
 *(.init9)
 .init9         0x000000000000012c        0x8 /usr/lib/gcc/avr/5.4.0/../../../avr/lib/avr5/crtatmega328p.o
 *(.init9)
 *(.text)
 .text          0x0000000000000134        0x4 /usr/lib/gcc/avr/5.4.0/../../../avr/lib/avr5/crtatmega328p.o
                0x0000000000000134                __vector_22
                0x0000000000000134                __vector_1
                0x0000000000000134                __vector_24
                0x0000000000000134                __vector_12
                0x0000000000000134                __bad_interrupt
                0x0000000000000134                __vector_6
                0x0000000000000134                __vector_3
                0x0000000000000134                __vector_23
                0x0000000000000134                __vector_25
                0x0000000000000134                __vector_13
                0x0000000000000134                __vector_17
                0x0000000000000134                __vector_19
                0x0000000000000134                __vector_5
                0x0000000000000134                __vector_4
                0x0000000000000134                __vector_9
                0x0000000000000134                __vector_2
                0x0000000000000134                __vector_21
                0x0000000000000134                __vector_15
                0x0000000000000134                __vector_8
                0x0000000000000134                __vector_14
                0x0000000000000134                __vector_10
                0x0000000000000134                __vector_16
                0x0000000000000134                __vector_20
 .text          0x0000000000000138      0x726 obj/hexapod.o
                0x0000000000000138                _ZN7Hexapod6updateEm
                0x000000000000017c                _ZN7Hexapod4moveERK11LegPositionj
                0x00000000000001ce                _ZN7Hexapod6bodyIkEaaa
                0x00000000000002e6                _ZN7Hexapod3yawEa
                0x00000000000002f0                _ZN7Hexapod5pitchEa
                0x00000000000002fc                _ZN7Hexapod4rollEa
                0x0000000000000308                _ZN7Hexapod16moveToLocalPointERK11LegPositionRK5PointIiEj
                0x000000000000034a                _ZN7Hexapod17moveToGlobalPointERK11LegPositionRK5PointIiEj
                0x000000000000038c                _ZN7HexapodC1Ev
                0x000000000000038c                _ZN7HexapodC2Ev
 .text          0x000000000000085e      0x1c8 obj/servocontroller.o
                0x000000000000085e                _ZN15Servocontroller6setPWMEhjj
                0x00000000000008a4                _ZN15Servocontroller5read8Eh
                0x0000000000000900                _ZN15Servocontroller6write8Ehh
                0x0000000000000930                _ZN15Servocontroller5resetEv
                0x0000000000000946                _ZN15Servocontroller10setPWMFreqEf
                0x00000000000009f0                _ZN15ServocontrollerC2Eh
                0x00000000000009f0                _ZN15ServocontrollerC1Eh
 .text          0x0000000000000a26       0x56 obj/testScripts.o
                0x0000000000000a26                _Z11bodyIk_testR7Hexapod
                0x0000000000000a28                _Z15moveLinear_testR7Hexapod
 .text          0x0000000000000a7c       0xba obj/stream.o
                0x0000000000000a7c                _ZN6StreamC2Ev
                0x0000000000000a7c                _ZN6StreamC1Ev
                0x0000000000000a9c                _ZN6Stream5writeEc
                0x0000000000000aaa                _ZN6Stream5writeEPKc
                0x0000000000000ace                _ZN6Stream4readEv
                0x0000000000000adc                _ZN6Stream4readEPch
 .text          0x0000000000000b36       0xdc obj/quadraticFunction.o
                0x0000000000000b36                _ZN17QuadraticFunctionC1Efff
                0x0000000000000b36                _ZN17QuadraticFunctionC2Efff
                0x0000000000000b6a                _ZNK17QuadraticFunction8getSlopeEf
                0x0000000000000bb4                _ZNK17QuadraticFunction4getYEi
 .text          0x0000000000000c12      0xd8c obj/leg.o
                0x0000000000000c12                _ZN3LegC2EO5ServoS1_S1_5PointIiEhj
                0x0000000000000c12                _ZN3LegC1EO5ServoS1_S1_5PointIiEhj
                0x0000000000000cbc                _ZN3Leg6updateEm
                0x0000000000000cf6                _ZNK3Leg20getQuadraticFunctionERK5PointIiEab
                0x000000000000106e                _ZNK3Leg17getLinearFunctionEf
                0x0000000000001108                _ZN3Leg16setLocalPositionERK5PointIiE
                0x000000000000111c                _ZNK3Leg16getLocalPositionEv
                0x0000000000001122                _ZN3Leg7moveAllEj
                0x000000000000114e                _ZN3Leg4moveE5Jointj
                0x0000000000001170                _ZNK3Leg18calculateCoxaAngleEv
                0x00000000000011ee                _ZNK3Leg19calculateFemurAngleEf
                0x00000000000012e6                _ZNK3Leg19calculateTibiaAngleEf
                0x000000000000132c                _ZNK3Leg15isLegOnLeftSideEv
                0x0000000000001352                _ZN3Leg8setAngleE5Jointh
                0x00000000000013cc                _ZN3Leg12setAllAnglesEhhh
                0x0000000000001404                _ZN3Leg12updateAnglesEv
                0x0000000000001520                _ZNK3Leg18getLastLinearPointERK14LinearFunctionb
                0x00000000000017fa                _ZN3Leg17setGlobalPositionERK5PointIiE
                0x000000000000189a                _ZNK3Leg17getGlobalPositionEv
                0x000000000000192c                _ZN3Leg9rotateXYZEaaa
 .text          0x000000000000199e      0x5c6 obj/servo.o
                0x000000000000199e                _ZN5ServoC1ER15Servocontrollerhjj
                0x000000000000199e                _ZN5ServoC2ER15Servocontrollerhjj
                0x00000000000019e8                _ZN5Servo6updateEm
                0x0000000000001d02                _ZN5Servo4moveEfff
                0x0000000000001df4                _ZN5Servo15mapToPulseWidthEf
                0x0000000000001e7c                _ZN5Servo4moveEj
                0x0000000000001f40                _ZN5Servo8setAngleEh
 .text          0x0000000000001f64      0x812 obj/linearFunction.o
                0x0000000000001f64                _ZN14LinearFunctionC2Efi
                0x0000000000001f64                _ZN14LinearFunctionC1Efi
                0x0000000000001f74                _ZN14LinearFunctionC2Ef5PointIiE
                0x0000000000001f74                _ZN14LinearFunctionC1Ef5PointIiE
                0x000000000000202a                _ZN14LinearFunctionC2E5PointIiES1_
                0x000000000000202a                _ZN14LinearFunctionC1E5PointIiES1_
                0x000000000000211e                _ZNK14LinearFunction4getYEi
                0x0000000000002178                _ZNK14LinearFunction19getIntersectionWithERKS_R5PointIiE
                0x0000000000002270                _ZNK14LinearFunction19getIntersectionWithERK5PointIiEhPS1_
                0x0000000000002592                _ZN14LinearFunction7rotateZEj
 .text          0x0000000000002776      0x158 obj/twi.o
                0x0000000000002776                _ZN3TwiC2El
                0x0000000000002776                _ZN3TwiC1El
                0x00000000000027b2                _ZN3Twi7writeToEhPhhb
                0x0000000000002846                _ZN3Twi8readFromEhPhhb
 .text          0x00000000000028ce        0x0 obj/gait.o
 .text          0x00000000000028ce      0x13a obj/main.o
                0x00000000000028ce                _Z15executeFunctionv
                0x0000000000002920                __vector_7
                0x0000000000002968                __vector_11
                0x00000000000029c0                __vector_18
 .text          0x0000000000002a08        0x0 /usr/lib/gcc/avr/5.4.0/avr5/libgcc.a(_divmodsi4.o)
 .text          0x0000000000002a08        0x0 /usr/lib/gcc/avr/5.4.0/avr5/libgcc.a(_negsi2.o)
 .text          0x0000000000002a08        0x0 /usr/lib/gcc/avr/5.4.0/avr5/libgcc.a(_exit.o)
 .text          0x0000000000002a08        0x0 /usr/lib/gcc/avr/5.4.0/avr5/libgcc.a(_copy_data.o)
 .text          0x0000000000002a08        0x0 /usr/lib/gcc/avr/5.4.0/avr5/libgcc.a(_clear_bss.o)
 .text          0x0000000000002a08        0x0 /usr/lib/gcc/avr/5.4.0/avr5/libgcc.a(_ctors.o)
 .text          0x0000000000002a08        0x0 /usr/lib/gcc/avr/5.4.0/avr5/libgcc.a(_udivmodsi4.o)
 .text          0x0000000000002a08        0x0 /usr/lib/gcc/avr/5.4.0/avr5/libgcc.a(_tablejump2.o)
 .text          0x0000000000002a08        0x0 /usr/lib/gcc/avr/5.4.0/../../../avr/lib/avr5/libm.a(acos.o)
 .text          0x0000000000002a08        0x0 /usr/lib/gcc/avr/5.4.0/../../../avr/lib/avr5/libm.a(addsf3.o)
 .text          0x0000000000002a08        0x0 /usr/lib/gcc/avr/5.4.0/../../../avr/lib/avr5/libm.a(addsf3x.o)
 .text          0x0000000000002a08        0x0 /usr/lib/gcc/avr/5.4.0/../../../avr/lib/avr5/libm.a(atan.o)
 .text          0x0000000000002a08        0x0 /usr/lib/gcc/avr/5.4.0/../../../avr/lib/avr5/libm.a(cmpsf2.o)
 .text          0x0000000000002a08        0x0 /usr/lib/gcc/avr/5.4.0/../../../avr/lib/avr5/libm.a(cos.o)
 .text          0x0000000000002a08        0x0 /usr/lib/gcc/avr/5.4.0/../../../avr/lib/avr5/libm.a(divsf3.o)
 .text          0x0000000000002a08        0x0 /usr/lib/gcc/avr/5.4.0/../../../avr/lib/avr5/libm.a(divsf3x.o)
 .text          0x0000000000002a08        0x0 /usr/lib/gcc/avr/5.4.0/../../../avr/lib/avr5/libm.a(fixsfsi.o)
 .text          0x0000000000002a08        0x0 /usr/lib/gcc/avr/5.4.0/../../../avr/lib/avr5/libm.a(fixunssfsi.o)
 .text          0x0000000000002a08        0x0 /usr/lib/gcc/avr/5.4.0/../../../avr/lib/avr5/libm.a(floatsisf.o)
 .text          0x0000000000002a08        0x0 /usr/lib/gcc/avr/5.4.0/../../../avr/lib/avr5/libm.a(fp_arccos.o)
 .text          0x0000000000002a08        0x0 /usr/lib/gcc/avr/5.4.0/../../../avr/lib/avr5/libm.a(fp_cmp.o)
 .text          0x0000000000002a08        0x0 /usr/lib/gcc/avr/5.4.0/../../../avr/lib/avr5/libm.a(fp_inf.o)
 .text          0x0000000000002a08        0x0 /usr/lib/gcc/avr/5.4.0/../../../avr/lib/avr5/libm.a(fp_nan.o)
 .text          0x0000000000002a08        0x0 /usr/lib/gcc/avr/5.4.0/../../../avr/lib/avr5/libm.a(fp_powser.o)
 .text          0x0000000000002a08        0x0 /usr/lib/gcc/avr/5.4.0/../../../avr/lib/avr5/libm.a(fp_pscA.o)
 .text          0x0000000000002a08        0x0 /usr/lib/gcc/avr/5.4.0/../../../avr/lib/avr5/libm.a(fp_pscB.o)
 .text          0x0000000000002a08        0x0 /usr/lib/gcc/avr/5.4.0/../../../avr/lib/avr5/libm.a(fp_rempio2.o)
 .text          0x0000000000002a08        0x0 /usr/lib/gcc/avr/5.4.0/../../../avr/lib/avr5/libm.a(fp_round.o)
 .text          0x0000000000002a08        0x0 /usr/lib/gcc/avr/5.4.0/../../../avr/lib/avr5/libm.a(fp_sinus.o)
 .text          0x0000000000002a08        0x0 /usr/lib/gcc/avr/5.4.0/../../../avr/lib/avr5/libm.a(fp_split3.o)
 .text          0x0000000000002a08        0x0 /usr/lib/gcc/avr/5.4.0/../../../avr/lib/avr5/libm.a(fp_zero.o)
 .text          0x0000000000002a08        0x0 /usr/lib/gcc/avr/5.4.0/../../../avr/lib/avr5/libm.a(gesf2.o)
 .text          0x0000000000002a08        0x0 /usr/lib/gcc/avr/5.4.0/../../../avr/lib/avr5/libm.a(inverse.o)
 .text          0x0000000000002a08        0x0 /usr/lib/gcc/avr/5.4.0/../../../avr/lib/avr5/libm.a(mulsf3.o)
 .text          0x0000000000002a08        0x0 /usr/lib/gcc/avr/5.4.0/../../../avr/lib/avr5/libm.a(mulsf3x.o)
 .text          0x0000000000002a08        0x0 /usr/lib/gcc/avr/5.4.0/../../../avr/lib/avr5/libm.a(round.o)
 .text          0x0000000000002a08        0x0 /usr/lib/gcc/avr/5.4.0/../../../avr/lib/avr5/libm.a(sin.o)
 .text          0x0000000000002a08        0x0 /usr/lib/gcc/avr/5.4.0/../../../avr/lib/avr5/libm.a(sqrt.o)
 .text          0x0000000000002a08        0x0 /usr/lib/gcc/avr/5.4.0/../../../avr/lib/avr5/libm.a(square.o)
 .text          0x0000000000002a08        0x0 /usr/lib/gcc/avr/5.4.0/../../../avr/lib/avr5/libm.a(fp_mintl.o)
 .text          0x0000000000002a08        0x0 /usr/lib/gcc/avr/5.4.0/../../../avr/lib/avr5/libm.a(fp_mpack.o)
 .text          0x0000000000002a08        0x0 /usr/lib/gcc/avr/5.4.0/../../../avr/lib/avr5/libm.a(fp_norm2.o)
 .text          0x0000000000002a08        0x0 /usr/lib/gcc/avr/5.4.0/../../../avr/lib/avr5/libm.a(fp_powsodd.o)
 .text          0x0000000000002a08        0x0 /usr/lib/gcc/avr/5.4.0/../../../avr/lib/avr5/libc.a(itoa_ncheck.o)
 .text          0x0000000000002a08        0x0 /usr/lib/gcc/avr/5.4.0/../../../avr/lib/avr5/libc.a(utoa_ncheck.o)
 .text          0x0000000000002a08       0x26 /usr/lib/gcc/avr/5.4.0/../../../avr/lib/avr5/libc.a(time.o)
                0x0000000000002a08                time
 .text          0x0000000000002a2e       0x38 /usr/lib/gcc/avr/5.4.0/../../../avr/lib/avr5/libc.a(system_tick.o)
                0x0000000000002a2e                system_tick
 .text          0x0000000000002a66        0x0 /usr/lib/gcc/avr/5.4.0/../../../avr/lib/avr5/libc.a(strrev.o)
 .text          0x0000000000002a66        0x0 /usr/lib/gcc/avr/5.4.0/../../../avr/lib/avr5/libc.a(system_time.o)
                0x0000000000002a66                . = ALIGN (0x2)
 *(.text.*)
 .text._Z14doCalculationsRK3LegRK5PointIiEhhhfbhRS3_R14LinearFunctionR17QuadraticFunctionRfSB_
                0x0000000000002a66      0x15c obj/testScripts.o
                0x0000000000002a66                _Z14doCalculationsRK3LegRK5PointIiEhhhfbhRS3_R14LinearFunctionR17QuadraticFunctionRfSB_
 .text._ZN6Stream5printIiEEvT_
                0x0000000000002bc2       0x4a obj/testScripts.o
                0x0000000000002bc2                _ZN6Stream5printIiEEvT_
 .text._ZN7Hexapod10moveLinearILh1ELh6ELh1EEEvRK4GaitIXT_EXT0_EXT1_EEfbbb
                0x0000000000002c0c      0x626 obj/testScripts.o
                0x0000000000002c0c                _ZN7Hexapod10moveLinearILh1ELh6ELh1EEEvRK4GaitIXT_EXT0_EXT1_EEfbbb
 .text.startup  0x0000000000003232       0x10 obj/stream.o
 .text._ZN5PointIiE7rotateZEi
                0x0000000000003242      0x142 obj/leg.o
                0x0000000000003242                _ZN5PointIiE7rotateZEi
 .text._ZN5PointIiE9rotateXYZEiii
                0x0000000000003384      0x3b0 obj/leg.o
                0x0000000000003384                _ZN5PointIiE9rotateXYZEiii
 .text.startup  0x0000000000003734       0xb6 obj/leg.o
 .text.startup  0x00000000000037ea       0x76 obj/gait.o
 .text.startup  0x0000000000003860       0x4c obj/main.o
                0x0000000000003860                main
 .text.libgcc.mul
                0x00000000000038ac        0x0 /usr/lib/gcc/avr/5.4.0/avr5/libgcc.a(_divmodsi4.o)
 .text.libgcc.div
                0x00000000000038ac       0x2e /usr/lib/gcc/avr/5.4.0/avr5/libgcc.a(_divmodsi4.o)
                0x00000000000038ac                __divmodsi4
 .text.libgcc   0x00000000000038da        0x0 /usr/lib/gcc/avr/5.4.0/avr5/libgcc.a(_divmodsi4.o)
 .text.libgcc.prologue
                0x00000000000038da        0x0 /usr/lib/gcc/avr/5.4.0/avr5/libgcc.a(_divmodsi4.o)
 .text.libgcc.builtins
                0x00000000000038da        0x0 /usr/lib/gcc/avr/5.4.0/avr5/libgcc.a(_divmodsi4.o)
 .text.libgcc.fmul
                0x00000000000038da        0x0 /usr/lib/gcc/avr/5.4.0/avr5/libgcc.a(_divmodsi4.o)
 .text.libgcc.fixed
                0x00000000000038da        0x0 /usr/lib/gcc/avr/5.4.0/avr5/libgcc.a(_divmodsi4.o)
 .text.libgcc.mul
                0x00000000000038da        0x0 /usr/lib/gcc/avr/5.4.0/avr5/libgcc.a(_negsi2.o)
 .text.libgcc.div
                0x00000000000038da       0x10 /usr/lib/gcc/avr/5.4.0/avr5/libgcc.a(_negsi2.o)
                0x00000000000038da                __negsi2
 .text.libgcc   0x00000000000038ea        0x0 /usr/lib/gcc/avr/5.4.0/avr5/libgcc.a(_negsi2.o)
 .text.libgcc.prologue
                0x00000000000038ea        0x0 /usr/lib/gcc/avr/5.4.0/avr5/libgcc.a(_negsi2.o)
 .text.libgcc.builtins
                0x00000000000038ea        0x0 /usr/lib/gcc/avr/5.4.0/avr5/libgcc.a(_negsi2.o)
 .text.libgcc.fmul
                0x00000000000038ea        0x0 /usr/lib/gcc/avr/5.4.0/avr5/libgcc.a(_negsi2.o)
 .text.libgcc.fixed
                0x00000000000038ea        0x0 /usr/lib/gcc/avr/5.4.0/avr5/libgcc.a(_negsi2.o)
 .text.libgcc.mul
                0x00000000000038ea        0x0 /usr/lib/gcc/avr/5.4.0/avr5/libgcc.a(_exit.o)
 .text.libgcc.div
                0x00000000000038ea        0x0 /usr/lib/gcc/avr/5.4.0/avr5/libgcc.a(_exit.o)
 .text.libgcc   0x00000000000038ea        0x0 /usr/lib/gcc/avr/5.4.0/avr5/libgcc.a(_exit.o)
 .text.libgcc.prologue
                0x00000000000038ea        0x0 /usr/lib/gcc/avr/5.4.0/avr5/libgcc.a(_exit.o)
 .text.libgcc.builtins
                0x00000000000038ea        0x0 /usr/lib/gcc/avr/5.4.0/avr5/libgcc.a(_exit.o)
 .text.libgcc.fmul
                0x00000000000038ea        0x0 /usr/lib/gcc/avr/5.4.0/avr5/libgcc.a(_exit.o)
 .text.libgcc.fixed
                0x00000000000038ea        0x0 /usr/lib/gcc/avr/5.4.0/avr5/libgcc.a(_exit.o)
 .text.libgcc.mul
                0x00000000000038ea        0x0 /usr/lib/gcc/avr/5.4.0/avr5/libgcc.a(_copy_data.o)
 .text.libgcc.div
                0x00000000000038ea        0x0 /usr/lib/gcc/avr/5.4.0/avr5/libgcc.a(_copy_data.o)
 .text.libgcc   0x00000000000038ea        0x0 /usr/lib/gcc/avr/5.4.0/avr5/libgcc.a(_copy_data.o)
 .text.libgcc.prologue
                0x00000000000038ea        0x0 /usr/lib/gcc/avr/5.4.0/avr5/libgcc.a(_copy_data.o)
 .text.libgcc.builtins
                0x00000000000038ea        0x0 /usr/lib/gcc/avr/5.4.0/avr5/libgcc.a(_copy_data.o)
 .text.libgcc.fmul
                0x00000000000038ea        0x0 /usr/lib/gcc/avr/5.4.0/avr5/libgcc.a(_copy_data.o)
 .text.libgcc.fixed
                0x00000000000038ea        0x0 /usr/lib/gcc/avr/5.4.0/avr5/libgcc.a(_copy_data.o)
 .text.libgcc.mul
                0x00000000000038ea        0x0 /usr/lib/gcc/avr/5.4.0/avr5/libgcc.a(_clear_bss.o)
 .text.libgcc.div
                0x00000000000038ea        0x0 /usr/lib/gcc/avr/5.4.0/avr5/libgcc.a(_clear_bss.o)
 .text.libgcc   0x00000000000038ea        0x0 /usr/lib/gcc/avr/5.4.0/avr5/libgcc.a(_clear_bss.o)
 .text.libgcc.prologue
                0x00000000000038ea        0x0 /usr/lib/gcc/avr/5.4.0/avr5/libgcc.a(_clear_bss.o)
 .text.libgcc.builtins
                0x00000000000038ea        0x0 /usr/lib/gcc/avr/5.4.0/avr5/libgcc.a(_clear_bss.o)
 .text.libgcc.fmul
                0x00000000000038ea        0x0 /usr/lib/gcc/avr/5.4.0/avr5/libgcc.a(_clear_bss.o)
 .text.libgcc.fixed
                0x00000000000038ea        0x0 /usr/lib/gcc/avr/5.4.0/avr5/libgcc.a(_clear_bss.o)
 .text.libgcc.mul
                0x00000000000038ea        0x0 /usr/lib/gcc/avr/5.4.0/avr5/libgcc.a(_ctors.o)
 .text.libgcc.div
                0x00000000000038ea        0x0 /usr/lib/gcc/avr/5.4.0/avr5/libgcc.a(_ctors.o)
 .text.libgcc   0x00000000000038ea        0x0 /usr/lib/gcc/avr/5.4.0/avr5/libgcc.a(_ctors.o)
 .text.libgcc.prologue
                0x00000000000038ea        0x0 /usr/lib/gcc/avr/5.4.0/avr5/libgcc.a(_ctors.o)
 .text.libgcc.builtins
                0x00000000000038ea        0x0 /usr/lib/gcc/avr/5.4.0/avr5/libgcc.a(_ctors.o)
 .text.libgcc.fmul
                0x00000000000038ea        0x0 /usr/lib/gcc/avr/5.4.0/avr5/libgcc.a(_ctors.o)
 .text.libgcc.fixed
                0x00000000000038ea        0x0 /usr/lib/gcc/avr/5.4.0/avr5/libgcc.a(_ctors.o)
 .text.libgcc.mul
                0x00000000000038ea        0x0 /usr/lib/gcc/avr/5.4.0/avr5/libgcc.a(_udivmodsi4.o)
 .text.libgcc.div
                0x00000000000038ea       0x44 /usr/lib/gcc/avr/5.4.0/avr5/libgcc.a(_udivmodsi4.o)
                0x00000000000038ea                __udivmodsi4
 .text.libgcc   0x000000000000392e        0x0 /usr/lib/gcc/avr/5.4.0/avr5/libgcc.a(_udivmodsi4.o)
 .text.libgcc.prologue
                0x000000000000392e        0x0 /usr/lib/gcc/avr/5.4.0/avr5/libgcc.a(_udivmodsi4.o)
 .text.libgcc.builtins
                0x000000000000392e        0x0 /usr/lib/gcc/avr/5.4.0/avr5/libgcc.a(_udivmodsi4.o)
 .text.libgcc.fmul
                0x000000000000392e        0x0 /usr/lib/gcc/avr/5.4.0/avr5/libgcc.a(_udivmodsi4.o)
 .text.libgcc.fixed
                0x000000000000392e        0x0 /usr/lib/gcc/avr/5.4.0/avr5/libgcc.a(_udivmodsi4.o)
 .text.libgcc.mul
                0x000000000000392e        0x0 /usr/lib/gcc/avr/5.4.0/avr5/libgcc.a(_tablejump2.o)
 .text.libgcc.div
                0x000000000000392e        0x0 /usr/lib/gcc/avr/5.4.0/avr5/libgcc.a(_tablejump2.o)
 .text.libgcc   0x000000000000392e        0xc /usr/lib/gcc/avr/5.4.0/avr5/libgcc.a(_tablejump2.o)
                0x000000000000392e                __tablejump2__
 .text.libgcc.prologue
                0x000000000000393a        0x0 /usr/lib/gcc/avr/5.4.0/avr5/libgcc.a(_tablejump2.o)
 .text.libgcc.builtins
                0x000000000000393a        0x0 /usr/lib/gcc/avr/5.4.0/avr5/libgcc.a(_tablejump2.o)
 .text.libgcc.fmul
                0x000000000000393a        0x0 /usr/lib/gcc/avr/5.4.0/avr5/libgcc.a(_tablejump2.o)
 .text.libgcc.fixed
                0x000000000000393a        0x0 /usr/lib/gcc/avr/5.4.0/avr5/libgcc.a(_tablejump2.o)
 .text.avr-libc.fplib
                0x000000000000393a       0x22 /usr/lib/gcc/avr/5.4.0/../../../avr/lib/avr5/libm.a(acos.o)
                0x000000000000393a                acos
 .text.avr-libc.fplib
                0x000000000000395c        0xe /usr/lib/gcc/avr/5.4.0/../../../avr/lib/avr5/libm.a(addsf3.o)
                0x000000000000395c                __subsf3
                0x000000000000395e                __addsf3
 .text.avr-libc.fplib
                0x000000000000396a       0xcc /usr/lib/gcc/avr/5.4.0/../../../avr/lib/avr5/libm.a(addsf3x.o)
                0x000000000000398c                __addsf3x
 .text.avr-libc.fplib
                0x0000000000003a36       0x5e /usr/lib/gcc/avr/5.4.0/../../../avr/lib/avr5/libm.a(atan.o)
                0x0000000000003a36                atan
 .text.avr-libc.fplib
                0x0000000000003a94        0xa /usr/lib/gcc/avr/5.4.0/../../../avr/lib/avr5/libm.a(cmpsf2.o)
                0x0000000000003a94                __lesf2
                0x0000000000003a94                __nesf2
                0x0000000000003a94                __eqsf2
                0x0000000000003a94                __cmpsf2
                0x0000000000003a94                __ltsf2
 .text.avr-libc.fplib
                0x0000000000003a9e        0xa /usr/lib/gcc/avr/5.4.0/../../../avr/lib/avr5/libm.a(cos.o)
                0x0000000000003a9e                cos
 .text.avr-libc.fplib
                0x0000000000003aa8        0x8 /usr/lib/gcc/avr/5.4.0/../../../avr/lib/avr5/libm.a(divsf3.o)
                0x0000000000003aa8                __divsf3
 .text.avr-libc.fplib
                0x0000000000003ab0       0xdc /usr/lib/gcc/avr/5.4.0/../../../avr/lib/avr5/libm.a(divsf3x.o)
                0x0000000000003ad0                __divsf3x
                0x0000000000003ad6                __divsf3_pse
 .text.avr-libc.fplib
                0x0000000000003b8c        0xe /usr/lib/gcc/avr/5.4.0/../../../avr/lib/avr5/libm.a(fixsfsi.o)
                0x0000000000003b8c                __fixsfsi
 .text.avr-libc.fplib
                0x0000000000003b9a       0x5e /usr/lib/gcc/avr/5.4.0/../../../avr/lib/avr5/libm.a(fixunssfsi.o)
                0x0000000000003b9a                __fixunssfsi
 .text.avr-libc.fplib
                0x0000000000003bf8       0x7a /usr/lib/gcc/avr/5.4.0/../../../avr/lib/avr5/libm.a(floatsisf.o)
                0x0000000000003bf8                __floatunsisf
                0x0000000000003bfc                __floatsisf
 .text.avr-libc.fplib
                0x0000000000003c72       0x40 /usr/lib/gcc/avr/5.4.0/../../../avr/lib/avr5/libm.a(fp_arccos.o)
                0x0000000000003c72                __fp_arccos
 .text.avr-libc.fplib
                0x0000000000003cb2       0x48 /usr/lib/gcc/avr/5.4.0/../../../avr/lib/avr5/libm.a(fp_cmp.o)
                0x0000000000003cb2                __fp_cmp
 .text.avr-libc.fplib
                0x0000000000003cfa        0xc /usr/lib/gcc/avr/5.4.0/../../../avr/lib/avr5/libm.a(fp_inf.o)
                0x0000000000003cfa                __fp_inf
 .text.avr-libc.fplib
                0x0000000000003d06        0x6 /usr/lib/gcc/avr/5.4.0/../../../avr/lib/avr5/libm.a(fp_nan.o)
                0x0000000000003d06                __fp_nan
 .text.avr-libc.fplib
                0x0000000000003d0c       0x4e /usr/lib/gcc/avr/5.4.0/../../../avr/lib/avr5/libm.a(fp_powser.o)
                0x0000000000003d0c                __fp_powser
 .text.avr-libc.fplib
                0x0000000000003d5a        0xe /usr/lib/gcc/avr/5.4.0/../../../avr/lib/avr5/libm.a(fp_pscA.o)
                0x0000000000003d5a                __fp_pscA
 .text.avr-libc.fplib
                0x0000000000003d68        0xe /usr/lib/gcc/avr/5.4.0/../../../avr/lib/avr5/libm.a(fp_pscB.o)
                0x0000000000003d68                __fp_pscB
 .text.avr-libc.fplib
                0x0000000000003d76       0x56 /usr/lib/gcc/avr/5.4.0/../../../avr/lib/avr5/libm.a(fp_rempio2.o)
                0x0000000000003d7a                __fp_rempio2
 .text.avr-libc.fplib
                0x0000000000003dcc       0x22 /usr/lib/gcc/avr/5.4.0/../../../avr/lib/avr5/libm.a(fp_round.o)
                0x0000000000003dcc                __fp_round
 .text.avr-libc.fplib
                0x0000000000003dee       0x28 /usr/lib/gcc/avr/5.4.0/../../../avr/lib/avr5/libm.a(fp_sinus.o)
                0x0000000000003dee                __fp_sinus
 .text.avr-libc.fplib
                0x0000000000003e16       0x44 /usr/lib/gcc/avr/5.4.0/../../../avr/lib/avr5/libm.a(fp_split3.o)
                0x0000000000003e16                __fp_split3
                0x0000000000003e26                __fp_splitA
 .text.avr-libc.fplib
                0x0000000000003e5a        0xe /usr/lib/gcc/avr/5.4.0/../../../avr/lib/avr5/libm.a(fp_zero.o)
                0x0000000000003e5a                __fp_zero
                0x0000000000003e5c                __fp_szero
 .text.avr-libc.fplib
                0x0000000000003e68        0xa /usr/lib/gcc/avr/5.4.0/../../../avr/lib/avr5/libm.a(gesf2.o)
                0x0000000000003e68                __gtsf2
                0x0000000000003e68                __gesf2
 .text.avr-libc.fplib
                0x0000000000003e72       0x10 /usr/lib/gcc/avr/5.4.0/../../../avr/lib/avr5/libm.a(inverse.o)
                0x0000000000003e72                inverse
 .text.avr-libc.fplib
                0x0000000000003e82        0x8 /usr/lib/gcc/avr/5.4.0/../../../avr/lib/avr5/libm.a(mulsf3.o)
                0x0000000000003e82                __mulsf3
 .text.avr-libc.fplib
                0x0000000000003e8a       0xd2 /usr/lib/gcc/avr/5.4.0/../../../avr/lib/avr5/libm.a(mulsf3x.o)
                0x0000000000003ea8                __mulsf3x
                0x0000000000003eae                __mulsf3_pse
 .text.avr-libc.fplib
                0x0000000000003f5c       0x48 /usr/lib/gcc/avr/5.4.0/../../../avr/lib/avr5/libm.a(round.o)
                0x0000000000003f5c                round
 .text.avr-libc.fplib
                0x0000000000003fa4       0x10 /usr/lib/gcc/avr/5.4.0/../../../avr/lib/avr5/libm.a(sin.o)
                0x0000000000003fa4                sin
 .text.avr-libc.fplib
                0x0000000000003fb4       0x8c /usr/lib/gcc/avr/5.4.0/../../../avr/lib/avr5/libm.a(sqrt.o)
                0x0000000000003fc0                sqrt
                0x0000000000003fc0                sqrtf
 .text.avr-libc.fplib
                0x0000000000004040        0x8 /usr/lib/gcc/avr/5.4.0/../../../avr/lib/avr5/libm.a(square.o)
                0x0000000000004040                square
 .text.avr-libc.fplib
                0x0000000000004048       0x36 /usr/lib/gcc/avr/5.4.0/../../../avr/lib/avr5/libm.a(fp_mintl.o)
                0x0000000000004048                __fp_mintl
 .text.avr-libc.fplib
                0x000000000000407e       0x1c /usr/lib/gcc/avr/5.4.0/../../../avr/lib/avr5/libm.a(fp_mpack.o)
                0x000000000000407e                __fp_mpack
                0x0000000000004082                __fp_mpack_finite
 .text.avr-libc.fplib
                0x000000000000409a        0xe /usr/lib/gcc/avr/5.4.0/../../../avr/lib/avr5/libm.a(fp_norm2.o)
                0x000000000000409a                __fp_norm2
 .text.avr-libc.fplib
                0x00000000000040a8       0x28 /usr/lib/gcc/avr/5.4.0/../../../avr/lib/avr5/libm.a(fp_powsodd.o)
                0x00000000000040a8                __fp_powsodd
 .text.avr-libc
                0x00000000000040d0       0x16 /usr/lib/gcc/avr/5.4.0/../../../avr/lib/avr5/libc.a(itoa_ncheck.o)
                0x00000000000040d0                __itoa_ncheck
 .text.avr-libc
                0x00000000000040e6       0x34 /usr/lib/gcc/avr/5.4.0/../../../avr/lib/avr5/libc.a(utoa_ncheck.o)
                0x00000000000040e6                __utoa_ncheck
                0x00000000000040e8                __utoa_common
 .text.avr-libc
                0x000000000000411a       0x20 /usr/lib/gcc/avr/5.4.0/../../../avr/lib/avr5/libc.a(strrev.o)
                0x000000000000411a                strrev
                0x000000000000413a                . = ALIGN (0x2)
 *(.fini9)
 .fini9         0x000000000000413a        0x0 /usr/lib/gcc/avr/5.4.0/avr5/libgcc.a(_exit.o)
                0x000000000000413a                exit
                0x000000000000413a                _exit
 *(.fini9)
 *(.fini8)
 *(.fini8)
 *(.fini7)
 *(.fini7)
 *(.fini6)
 *(.fini6)
 *(.fini5)
 *(.fini5)
 *(.fini4)
 *(.fini4)
 *(.fini3)
 *(.fini3)
 *(.fini2)
 *(.fini2)
 *(.fini1)
 *(.fini1)
 *(.fini0)
 .fini0         0x000000000000413a        0x4 /usr/lib/gcc/avr/5.4.0/avr5/libgcc.a(_exit.o)
 *(.fini0)
                0x000000000000413e                _etext = .

.data           0x0000000000800100       0x14 load address 0x000000000000413e
                0x0000000000800100                PROVIDE (__data_start, .)
 *(.data)
 .data          0x0000000000800100        0x0 /usr/lib/gcc/avr/5.4.0/../../../avr/lib/avr5/crtatmega328p.o
 .data          0x0000000000800100        0x0 obj/hexapod.o
 .data          0x0000000000800100        0x0 obj/servocontroller.o
 .data          0x0000000000800100        0x0 obj/testScripts.o
 .data          0x0000000000800100        0x0 obj/stream.o
 .data          0x0000000000800100        0x0 obj/quadraticFunction.o
 .data          0x0000000000800100        0x0 obj/leg.o
 .data          0x0000000000800100        0x0 obj/servo.o
 .data          0x0000000000800100        0x0 obj/linearFunction.o
 .data          0x0000000000800100        0x0 obj/twi.o
 .data          0x0000000000800100       0x10 obj/gait.o
 .data          0x0000000000800110        0x0 obj/main.o
 .data          0x0000000000800110        0x0 /usr/lib/gcc/avr/5.4.0/avr5/libgcc.a(_divmodsi4.o)
 .data          0x0000000000800110        0x0 /usr/lib/gcc/avr/5.4.0/avr5/libgcc.a(_negsi2.o)
 .data          0x0000000000800110        0x0 /usr/lib/gcc/avr/5.4.0/avr5/libgcc.a(_exit.o)
 .data          0x0000000000800110        0x0 /usr/lib/gcc/avr/5.4.0/avr5/libgcc.a(_copy_data.o)
 .data          0x0000000000800110        0x0 /usr/lib/gcc/avr/5.4.0/avr5/libgcc.a(_clear_bss.o)
 .data          0x0000000000800110        0x0 /usr/lib/gcc/avr/5.4.0/avr5/libgcc.a(_ctors.o)
 .data          0x0000000000800110        0x0 /usr/lib/gcc/avr/5.4.0/avr5/libgcc.a(_udivmodsi4.o)
 .data          0x0000000000800110        0x0 /usr/lib/gcc/avr/5.4.0/avr5/libgcc.a(_tablejump2.o)
 .data          0x0000000000800110        0x0 /usr/lib/gcc/avr/5.4.0/../../../avr/lib/avr5/libm.a(acos.o)
 .data          0x0000000000800110        0x0 /usr/lib/gcc/avr/5.4.0/../../../avr/lib/avr5/libm.a(addsf3.o)
 .data          0x0000000000800110        0x0 /usr/lib/gcc/avr/5.4.0/../../../avr/lib/avr5/libm.a(addsf3x.o)
 .data          0x0000000000800110        0x0 /usr/lib/gcc/avr/5.4.0/../../../avr/lib/avr5/libm.a(atan.o)
 .data          0x0000000000800110        0x0 /usr/lib/gcc/avr/5.4.0/../../../avr/lib/avr5/libm.a(cmpsf2.o)
 .data          0x0000000000800110        0x0 /usr/lib/gcc/avr/5.4.0/../../../avr/lib/avr5/libm.a(cos.o)
 .data          0x0000000000800110        0x0 /usr/lib/gcc/avr/5.4.0/../../../avr/lib/avr5/libm.a(divsf3.o)
 .data          0x0000000000800110        0x0 /usr/lib/gcc/avr/5.4.0/../../../avr/lib/avr5/libm.a(divsf3x.o)
 .data          0x0000000000800110        0x0 /usr/lib/gcc/avr/5.4.0/../../../avr/lib/avr5/libm.a(fixsfsi.o)
 .data          0x0000000000800110        0x0 /usr/lib/gcc/avr/5.4.0/../../../avr/lib/avr5/libm.a(fixunssfsi.o)
 .data          0x0000000000800110        0x0 /usr/lib/gcc/avr/5.4.0/../../../avr/lib/avr5/libm.a(floatsisf.o)
 .data          0x0000000000800110        0x0 /usr/lib/gcc/avr/5.4.0/../../../avr/lib/avr5/libm.a(fp_arccos.o)
 .data          0x0000000000800110        0x0 /usr/lib/gcc/avr/5.4.0/../../../avr/lib/avr5/libm.a(fp_cmp.o)
 .data          0x0000000000800110        0x0 /usr/lib/gcc/avr/5.4.0/../../../avr/lib/avr5/libm.a(fp_inf.o)
 .data          0x0000000000800110        0x0 /usr/lib/gcc/avr/5.4.0/../../../avr/lib/avr5/libm.a(fp_nan.o)
 .data          0x0000000000800110        0x0 /usr/lib/gcc/avr/5.4.0/../../../avr/lib/avr5/libm.a(fp_powser.o)
 .data          0x0000000000800110        0x0 /usr/lib/gcc/avr/5.4.0/../../../avr/lib/avr5/libm.a(fp_pscA.o)
 .data          0x0000000000800110        0x0 /usr/lib/gcc/avr/5.4.0/../../../avr/lib/avr5/libm.a(fp_pscB.o)
 .data          0x0000000000800110        0x0 /usr/lib/gcc/avr/5.4.0/../../../avr/lib/avr5/libm.a(fp_rempio2.o)
 .data          0x0000000000800110        0x0 /usr/lib/gcc/avr/5.4.0/../../../avr/lib/avr5/libm.a(fp_round.o)
 .data          0x0000000000800110        0x0 /usr/lib/gcc/avr/5.4.0/../../../avr/lib/avr5/libm.a(fp_sinus.o)
 .data          0x0000000000800110        0x0 /usr/lib/gcc/avr/5.4.0/../../../avr/lib/avr5/libm.a(fp_split3.o)
 .data          0x0000000000800110        0x0 /usr/lib/gcc/avr/5.4.0/../../../avr/lib/avr5/libm.a(fp_zero.o)
 .data          0x0000000000800110        0x0 /usr/lib/gcc/avr/5.4.0/../../../avr/lib/avr5/libm.a(gesf2.o)
 .data          0x0000000000800110        0x0 /usr/lib/gcc/avr/5.4.0/../../../avr/lib/avr5/libm.a(inverse.o)
 .data          0x0000000000800110        0x0 /usr/lib/gcc/avr/5.4.0/../../../avr/lib/avr5/libm.a(mulsf3.o)
 .data          0x0000000000800110        0x0 /usr/lib/gcc/avr/5.4.0/../../../avr/lib/avr5/libm.a(mulsf3x.o)
 .data          0x0000000000800110        0x0 /usr/lib/gcc/avr/5.4.0/../../../avr/lib/avr5/libm.a(round.o)
 .data          0x0000000000800110        0x0 /usr/lib/gcc/avr/5.4.0/../../../avr/lib/avr5/libm.a(sin.o)
 .data          0x0000000000800110        0x0 /usr/lib/gcc/avr/5.4.0/../../../avr/lib/avr5/libm.a(sqrt.o)
 .data          0x0000000000800110        0x0 /usr/lib/gcc/avr/5.4.0/../../../avr/lib/avr5/libm.a(square.o)
 .data          0x0000000000800110        0x0 /usr/lib/gcc/avr/5.4.0/../../../avr/lib/avr5/libm.a(fp_mintl.o)
 .data          0x0000000000800110        0x0 /usr/lib/gcc/avr/5.4.0/../../../avr/lib/avr5/libm.a(fp_mpack.o)
 .data          0x0000000000800110        0x0 /usr/lib/gcc/avr/5.4.0/../../../avr/lib/avr5/libm.a(fp_norm2.o)
 .data          0x0000000000800110        0x0 /usr/lib/gcc/avr/5.4.0/../../../avr/lib/avr5/libm.a(fp_powsodd.o)
 .data          0x0000000000800110        0x0 /usr/lib/gcc/avr/5.4.0/../../../avr/lib/avr5/libc.a(itoa_ncheck.o)
 .data          0x0000000000800110        0x0 /usr/lib/gcc/avr/5.4.0/../../../avr/lib/avr5/libc.a(utoa_ncheck.o)
 .data          0x0000000000800110        0x0 /usr/lib/gcc/avr/5.4.0/../../../avr/lib/avr5/libc.a(time.o)
 .data          0x0000000000800110        0x0 /usr/lib/gcc/avr/5.4.0/../../../avr/lib/avr5/libc.a(system_tick.o)
 .data          0x0000000000800110        0x0 /usr/lib/gcc/avr/5.4.0/../../../avr/lib/avr5/libc.a(strrev.o)
 .data          0x0000000000800110        0x0 /usr/lib/gcc/avr/5.4.0/../../../avr/lib/avr5/libc.a(system_time.o)
 *(.data*)
 .data._ZZN7Hexapod10moveLinearILh1ELh6ELh1EEEvRK4GaitIXT_EXT0_EXT1_EEfbbbE9firstCall
                0x0000000000800110        0x1 obj/testScripts.o
                0x0000000000800110                _ZZN7Hexapod10moveLinearILh1ELh6ELh1EEEvRK4GaitIXT_EXT0_EXT1_EEfbbbE9firstCall
 *(.rodata)
 *(.rodata*)
 .rodata.str1.1
                0x0000000000800111        0x3 obj/testScripts.o
 *(.gnu.linkonce.d*)
                0x0000000000800114                . = ALIGN (0x2)
                0x0000000000800114                _edata = .
                0x0000000000800114                PROVIDE (__data_end, .)

.bss            0x0000000000800114      0x34c
                0x0000000000800114                PROVIDE (__bss_start, .)
 *(.bss)
 .bss           0x0000000000800114        0x0 /usr/lib/gcc/avr/5.4.0/../../../avr/lib/avr5/crtatmega328p.o
 .bss           0x0000000000800114        0x2 obj/hexapod.o
 .bss           0x0000000000800116        0x0 obj/servocontroller.o
 .bss           0x0000000000800116        0x0 obj/testScripts.o
 .bss           0x0000000000800116        0x2 obj/stream.o
                0x0000000000800116                _ZN3avr3errE
                0x0000000000800117                _ZN3avr4coutE
 .bss           0x0000000000800118        0x0 obj/quadraticFunction.o
 .bss           0x0000000000800118       0x19 obj/leg.o
                0x0000000000800118                _ZN3Leg11motionRangeE
 .bss           0x0000000000800131        0x0 obj/servo.o
 .bss           0x0000000000800131        0x0 obj/linearFunction.o
 .bss           0x0000000000800131        0x0 obj/twi.o
 .bss           0x0000000000800131       0x1e obj/gait.o
                0x0000000000800131                tripodGait
                0x000000000080013b                rippleGait
                0x0000000000800145                waveGait
 .bss           0x000000000080014f      0x235 obj/main.o
 .bss           0x0000000000800384        0x0 /usr/lib/gcc/avr/5.4.0/avr5/libgcc.a(_divmodsi4.o)
 .bss           0x0000000000800384        0x0 /usr/lib/gcc/avr/5.4.0/avr5/libgcc.a(_negsi2.o)
 .bss           0x0000000000800384        0x0 /usr/lib/gcc/avr/5.4.0/avr5/libgcc.a(_exit.o)
 .bss           0x0000000000800384        0x0 /usr/lib/gcc/avr/5.4.0/avr5/libgcc.a(_copy_data.o)
 .bss           0x0000000000800384        0x0 /usr/lib/gcc/avr/5.4.0/avr5/libgcc.a(_clear_bss.o)
 .bss           0x0000000000800384        0x0 /usr/lib/gcc/avr/5.4.0/avr5/libgcc.a(_ctors.o)
 .bss           0x0000000000800384        0x0 /usr/lib/gcc/avr/5.4.0/avr5/libgcc.a(_udivmodsi4.o)
 .bss           0x0000000000800384        0x0 /usr/lib/gcc/avr/5.4.0/avr5/libgcc.a(_tablejump2.o)
 .bss           0x0000000000800384        0x0 /usr/lib/gcc/avr/5.4.0/../../../avr/lib/avr5/libm.a(acos.o)
 .bss           0x0000000000800384        0x0 /usr/lib/gcc/avr/5.4.0/../../../avr/lib/avr5/libm.a(addsf3.o)
 .bss           0x0000000000800384        0x0 /usr/lib/gcc/avr/5.4.0/../../../avr/lib/avr5/libm.a(addsf3x.o)
 .bss           0x0000000000800384        0x0 /usr/lib/gcc/avr/5.4.0/../../../avr/lib/avr5/libm.a(atan.o)
 .bss           0x0000000000800384        0x0 /usr/lib/gcc/avr/5.4.0/../../../avr/lib/avr5/libm.a(cmpsf2.o)
 .bss           0x0000000000800384        0x0 /usr/lib/gcc/avr/5.4.0/../../../avr/lib/avr5/libm.a(cos.o)
 .bss           0x0000000000800384        0x0 /usr/lib/gcc/avr/5.4.0/../../../avr/lib/avr5/libm.a(divsf3.o)
 .bss           0x0000000000800384        0x0 /usr/lib/gcc/avr/5.4.0/../../../avr/lib/avr5/libm.a(divsf3x.o)
 .bss           0x0000000000800384        0x0 /usr/lib/gcc/avr/5.4.0/../../../avr/lib/avr5/libm.a(fixsfsi.o)
 .bss           0x0000000000800384        0x0 /usr/lib/gcc/avr/5.4.0/../../../avr/lib/avr5/libm.a(fixunssfsi.o)
 .bss           0x0000000000800384        0x0 /usr/lib/gcc/avr/5.4.0/../../../avr/lib/avr5/libm.a(floatsisf.o)
 .bss           0x0000000000800384        0x0 /usr/lib/gcc/avr/5.4.0/../../../avr/lib/avr5/libm.a(fp_arccos.o)
 .bss           0x0000000000800384        0x0 /usr/lib/gcc/avr/5.4.0/../../../avr/lib/avr5/libm.a(fp_cmp.o)
 .bss           0x0000000000800384        0x0 /usr/lib/gcc/avr/5.4.0/../../../avr/lib/avr5/libm.a(fp_inf.o)
 .bss           0x0000000000800384        0x0 /usr/lib/gcc/avr/5.4.0/../../../avr/lib/avr5/libm.a(fp_nan.o)
 .bss           0x0000000000800384        0x0 /usr/lib/gcc/avr/5.4.0/../../../avr/lib/avr5/libm.a(fp_powser.o)
 .bss           0x0000000000800384        0x0 /usr/lib/gcc/avr/5.4.0/../../../avr/lib/avr5/libm.a(fp_pscA.o)
 .bss           0x0000000000800384        0x0 /usr/lib/gcc/avr/5.4.0/../../../avr/lib/avr5/libm.a(fp_pscB.o)
 .bss           0x0000000000800384        0x0 /usr/lib/gcc/avr/5.4.0/../../../avr/lib/avr5/libm.a(fp_rempio2.o)
 .bss           0x0000000000800384        0x0 /usr/lib/gcc/avr/5.4.0/../../../avr/lib/avr5/libm.a(fp_round.o)
 .bss           0x0000000000800384        0x0 /usr/lib/gcc/avr/5.4.0/../../../avr/lib/avr5/libm.a(fp_sinus.o)
 .bss           0x0000000000800384        0x0 /usr/lib/gcc/avr/5.4.0/../../../avr/lib/avr5/libm.a(fp_split3.o)
 .bss           0x0000000000800384        0x0 /usr/lib/gcc/avr/5.4.0/../../../avr/lib/avr5/libm.a(fp_zero.o)
 .bss           0x0000000000800384        0x0 /usr/lib/gcc/avr/5.4.0/../../../avr/lib/avr5/libm.a(gesf2.o)
 .bss           0x0000000000800384        0x0 /usr/lib/gcc/avr/5.4.0/../../../avr/lib/avr5/libm.a(inverse.o)
 .bss           0x0000000000800384        0x0 /usr/lib/gcc/avr/5.4.0/../../../avr/lib/avr5/libm.a(mulsf3.o)
 .bss           0x0000000000800384        0x0 /usr/lib/gcc/avr/5.4.0/../../../avr/lib/avr5/libm.a(mulsf3x.o)
 .bss           0x0000000000800384        0x0 /usr/lib/gcc/avr/5.4.0/../../../avr/lib/avr5/libm.a(round.o)
 .bss           0x0000000000800384        0x0 /usr/lib/gcc/avr/5.4.0/../../../avr/lib/avr5/libm.a(sin.o)
 .bss           0x0000000000800384        0x0 /usr/lib/gcc/avr/5.4.0/../../../avr/lib/avr5/libm.a(sqrt.o)
 .bss           0x0000000000800384        0x0 /usr/lib/gcc/avr/5.4.0/../../../avr/lib/avr5/libm.a(square.o)
 .bss           0x0000000000800384        0x0 /usr/lib/gcc/avr/5.4.0/../../../avr/lib/avr5/libm.a(fp_mintl.o)
 .bss           0x0000000000800384        0x0 /usr/lib/gcc/avr/5.4.0/../../../avr/lib/avr5/libm.a(fp_mpack.o)
 .bss           0x0000000000800384        0x0 /usr/lib/gcc/avr/5.4.0/../../../avr/lib/avr5/libm.a(fp_norm2.o)
 .bss           0x0000000000800384        0x0 /usr/lib/gcc/avr/5.4.0/../../../avr/lib/avr5/libm.a(fp_powsodd.o)
 .bss           0x0000000000800384        0x0 /usr/lib/gcc/avr/5.4.0/../../../avr/lib/avr5/libc.a(itoa_ncheck.o)
 .bss           0x0000000000800384        0x0 /usr/lib/gcc/avr/5.4.0/../../../avr/lib/avr5/libc.a(utoa_ncheck.o)
 .bss           0x0000000000800384        0x0 /usr/lib/gcc/avr/5.4.0/../../../avr/lib/avr5/libc.a(time.o)
 .bss           0x0000000000800384        0x0 /usr/lib/gcc/avr/5.4.0/../../../avr/lib/avr5/libc.a(system_tick.o)
 .bss           0x0000000000800384        0x0 /usr/lib/gcc/avr/5.4.0/../../../avr/lib/avr5/libc.a(strrev.o)
 .bss           0x0000000000800384        0x0 /usr/lib/gcc/avr/5.4.0/../../../avr/lib/avr5/libc.a(system_time.o)
 *(.bss*)
 .bss._ZZN7Hexapod10moveLinearILh1ELh6ELh1EEEvRK4GaitIXT_EXT0_EXT1_EEfbbbE20nextStepInaccuracies
                0x0000000000800384       0x18 obj/testScripts.o
                0x0000000000800384                _ZZN7Hexapod10moveLinearILh1ELh6ELh1EEEvRK4GaitIXT_EXT0_EXT1_EEfbbbE20nextStepInaccuracies
 .bss._ZZN7Hexapod10moveLinearILh1ELh6ELh1EEEvRK4GaitIXT_EXT0_EXT1_EEfbbbE9nextSteps
                0x000000000080039c       0x18 obj/testScripts.o
                0x000000000080039c                _ZZN7Hexapod10moveLinearILh1ELh6ELh1EEEvRK4GaitIXT_EXT0_EXT1_EEfbbbE9nextSteps
 .bss._ZGVZN7Hexapod10moveLinearILh1ELh6ELh1EEEvRK4GaitIXT_EXT0_EXT1_EEfbbbE11destination
                0x00000000008003b4        0x8 obj/testScripts.o
                0x00000000008003b4                _ZGVZN7Hexapod10moveLinearILh1ELh6ELh1EEEvRK4GaitIXT_EXT0_EXT1_EEfbbbE11destination
 .bss._ZZN7Hexapod10moveLinearILh1ELh6ELh1EEEvRK4GaitIXT_EXT0_EXT1_EEfbbbE11destination
                0x00000000008003bc       0x24 obj/testScripts.o
                0x00000000008003bc                _ZZN7Hexapod10moveLinearILh1ELh6ELh1EEEvRK4GaitIXT_EXT0_EXT1_EEfbbbE11destination
 .bss._ZGVZN7Hexapod10moveLinearILh1ELh6ELh1EEEvRK4GaitIXT_EXT0_EXT1_EEfbbbE18quadraticFunctions
                0x00000000008003e0        0x8 obj/testScripts.o
                0x00000000008003e0                _ZGVZN7Hexapod10moveLinearILh1ELh6ELh1EEEvRK4GaitIXT_EXT0_EXT1_EEfbbbE18quadraticFunctions
 .bss._ZZN7Hexapod10moveLinearILh1ELh6ELh1EEEvRK4GaitIXT_EXT0_EXT1_EEfbbbE18quadraticFunctions
                0x00000000008003e8       0x48 obj/testScripts.o
                0x00000000008003e8                _ZZN7Hexapod10moveLinearILh1ELh6ELh1EEEvRK4GaitIXT_EXT0_EXT1_EEfbbbE18quadraticFunctions
 .bss._ZGVZN7Hexapod10moveLinearILh1ELh6ELh1EEEvRK4GaitIXT_EXT0_EXT1_EEfbbbE15linearFunctions
                0x0000000000800430        0x8 obj/testScripts.o
                0x0000000000800430                _ZGVZN7Hexapod10moveLinearILh1ELh6ELh1EEEvRK4GaitIXT_EXT0_EXT1_EEfbbbE15linearFunctions
 .bss._ZZN7Hexapod10moveLinearILh1ELh6ELh1EEEvRK4GaitIXT_EXT0_EXT1_EEfbbbE15linearFunctions
                0x0000000000800438       0x24 obj/testScripts.o
                0x0000000000800438                _ZZN7Hexapod10moveLinearILh1ELh6ELh1EEEvRK4GaitIXT_EXT0_EXT1_EEfbbbE15linearFunctions
 *(COMMON)
 COMMON         0x000000000080045c        0x4 /usr/lib/gcc/avr/5.4.0/../../../avr/lib/avr5/libc.a(system_time.o)
                0x000000000080045c                __system_time
                0x0000000000800460                PROVIDE (__bss_end, .)
                0x000000000000413e                __data_load_start = LOADADDR (.data)
                0x0000000000004152                __data_load_end = (__data_load_start + SIZEOF (.data))

.noinit         0x0000000000800460        0x0
                [!provide]                        PROVIDE (__noinit_start, .)
 *(.noinit*)
                [!provide]                        PROVIDE (__noinit_end, .)
                0x0000000000800460                _end = .
                [!provide]                        PROVIDE (__heap_start, .)

.eeprom         0x0000000000810000        0x0
 *(.eeprom*)
                0x0000000000810000                __eeprom_end = .

.fuse
 *(.fuse)
 *(.lfuse)
 *(.hfuse)
 *(.efuse)

.lock
 *(.lock*)

.signature
 *(.signature*)

.user_signatures
 *(.user_signatures*)

.stab
 *(.stab)

.stabstr
 *(.stabstr)

.stab.excl
 *(.stab.excl)

.stab.exclstr
 *(.stab.exclstr)

.stab.index
 *(.stab.index)

.stab.indexstr
 *(.stab.indexstr)

.comment        0x0000000000000000       0x11
 *(.comment)
 .comment       0x0000000000000000       0x11 obj/hexapod.o
                                         0x12 (size before relaxing)
 .comment       0x0000000000000011       0x12 obj/servocontroller.o
 .comment       0x0000000000000011       0x12 obj/testScripts.o
 .comment       0x0000000000000011       0x12 obj/stream.o
 .comment       0x0000000000000011       0x12 obj/quadraticFunction.o
 .comment       0x0000000000000011       0x12 obj/leg.o
 .comment       0x0000000000000011       0x12 obj/servo.o
 .comment       0x0000000000000011       0x12 obj/linearFunction.o
 .comment       0x0000000000000011       0x12 obj/twi.o
 .comment       0x0000000000000011       0x12 obj/gait.o
 .comment       0x0000000000000011       0x12 obj/main.o
 .comment       0x0000000000000011       0x12 /usr/lib/gcc/avr/5.4.0/../../../avr/lib/avr5/libc.a(time.o)
 .comment       0x0000000000000011       0x12 /usr/lib/gcc/avr/5.4.0/../../../avr/lib/avr5/libc.a(system_time.o)

.note.gnu.avr.deviceinfo
                0x0000000000000000       0x40
 .note.gnu.avr.deviceinfo
                0x0000000000000000       0x40 /usr/lib/gcc/avr/5.4.0/../../../avr/lib/avr5/crtatmega328p.o

.note.gnu.build-id
 *(.note.gnu.build-id)

.debug
 *(.debug)

.line
 *(.line)

.debug_srcinfo
 *(.debug_srcinfo)

.debug_sfnames
 *(.debug_sfnames)

.debug_aranges
 *(.debug_aranges)

.debug_pubnames
 *(.debug_pubnames)

.debug_info     0x0000000000000000      0x5f4
 *(.debug_info .gnu.linkonce.wi.*)
 .debug_info    0x0000000000000000      0x5f4 /usr/lib/gcc/avr/5.4.0/../../../avr/lib/avr5/crtatmega328p.o

.debug_abbrev   0x0000000000000000      0x5a2
 *(.debug_abbrev)
 .debug_abbrev  0x0000000000000000      0x5a2 /usr/lib/gcc/avr/5.4.0/../../../avr/lib/avr5/crtatmega328p.o

.debug_line     0x0000000000000000       0x1a
 *(.debug_line .debug_line.* .debug_line_end)
 .debug_line    0x0000000000000000       0x1a /usr/lib/gcc/avr/5.4.0/../../../avr/lib/avr5/crtatmega328p.o

.debug_frame
 *(.debug_frame)

.debug_str      0x0000000000000000      0x208
 *(.debug_str)
 .debug_str     0x0000000000000000      0x208 /usr/lib/gcc/avr/5.4.0/../../../avr/lib/avr5/crtatmega328p.o

.debug_loc
 *(.debug_loc)

.debug_macinfo
 *(.debug_macinfo)

.debug_weaknames
 *(.debug_weaknames)

.debug_funcnames
 *(.debug_funcnames)

.debug_typenames
 *(.debug_typenames)

.debug_varnames
 *(.debug_varnames)

.debug_pubtypes
 *(.debug_pubtypes)

.debug_ranges
 *(.debug_ranges)

.debug_macro
 *(.debug_macro)
OUTPUT(bin/Hexapod.elf elf32-avr)
LOAD linker stubs
